[2026-05-10 14:41:43,309: INFO/MainProcess] Task tasks.scheduled.run_due_scans[70584842-7daa-4be9-8be3-499e6ef88d74] received
[2026-05-10 14:41:43,521: INFO/ForkPoolWorker-1] Spawned 0 scheduled engagement(s)
[2026-05-10 14:41:43,528: INFO/ForkPoolWorker-12] Task dd03df76-61b8-4644-8731-0b4a83d3e3d7 succeeded
[2026-05-10 14:41:43,529: INFO/ForkPoolWorker-1] Task 70584842-7daa-4be9-8be3-499e6ef88d74 succeeded
[2026-05-10 14:41:43,529: INFO/ForkPoolWorker-12] Task tasks.maintenance.refresh_views[dd03df76-61b8-4644-8731-0b4a83d3e3d7] succeeded in 0.23696189397014678s: {'status': 'error', 'error': 'must be owner of materialized view mv_org_dashboard
CONTEXT:  SQL statement "REFRESH MATERIALIZED VIEW CONCURRENTLY mv_org_dashboard"
PL/pgSQL function refresh_mv_org_dashboard() line 3 at SQL statement
'}
[2026-05-10 14:41:43,530: INFO/ForkPoolWorker-1] Task tasks.scheduled.run_due_scans[70584842-7daa-4be9-8be3-499e6ef88d74] succeeded in 0.2130283399601467s: {'status': 'completed', 'spawned': 0}
[2026-05-10 14:41:43,589: INFO/MainProcess] Task tasks.maintenance.worker_health_check[c8ea7cfd-0caf-41b2-850b-a06ee161ab3e] received
[2026-05-10 14:41:43,598: INFO/ForkPoolWorker-12] Task c8ea7cfd-0caf-41b2-850b-a06ee161ab3e succeeded
[2026-05-10 14:41:43,599: INFO/ForkPoolWorker-12] Task tasks.maintenance.worker_health_check[c8ea7cfd-0caf-41b2-850b-a06ee161ab3e] succeeded in 0.007163371017668396s: {'status': 'completed', 'unhealthy_workers': 0, 'cleaned_workers': 0}
[2026-05-10 14:42:43,592: INFO/MainProcess] Task tasks.maintenance.worker_health_check[9261595f-a75f-43ed-b9ef-d3e78f7f28ac] received
[2026-05-10 14:42:43,604: INFO/ForkPoolWorker-12] Task 9261595f-a75f-43ed-b9ef-d3e78f7f28ac succeeded
[2026-05-10 14:42:43,604: INFO/ForkPoolWorker-12] Task tasks.maintenance.worker_health_check[9261595f-a75f-43ed-b9ef-d3e78f7f28ac] succeeded in 0.00968067196663469s: {'status': 'completed', 'unhealthy_workers': 0, 'cleaned_workers': 0}
[2026-05-10 14:43:43,593: INFO/MainProcess] Task tasks.maintenance.worker_health_check[36087c46-e365-4e4f-ac82-a6b55be9a4d3] received
[2026-05-10 14:43:43,615: INFO/ForkPoolWorker-12] Task 36087c46-e365-4e4f-ac82-a6b55be9a4d3 succeeded
[2026-05-10 14:43:43,616: INFO/ForkPoolWorker-12] Task tasks.maintenance.worker_health_check[36087c46-e365-4e4f-ac82-a6b55be9a4d3] succeeded in 0.01698273903457448s: {'status': 'completed', 'unhealthy_workers': 0, 'cleaned_workers': 0}
[2026-05-10 14:44:43,593: INFO/MainProcess] Task tasks.maintenance.worker_health_check[244074f9-08b0-4c2b-ab4d-722a954c7ff7] received
[2026-05-10 14:44:43,608: INFO/ForkPoolWorker-12] Task 244074f9-08b0-4c2b-ab4d-722a954c7ff7 succeeded
[2026-05-10 14:44:43,610: INFO/ForkPoolWorker-12] Task tasks.maintenance.worker_health_check[244074f9-08b0-4c2b-ab4d-722a954c7ff7] succeeded in 0.010838860005605966s: {'status': 'completed', 'unhealthy_workers': 0, 'cleaned_workers': 0}
[2026-05-10 14:45:43,594: INFO/MainProcess] Task tasks.maintenance.worker_health_check[f24eda32-decb-42a7-85ae-60cb5838d15a] received
[2026-05-10 14:45:43,606: INFO/ForkPoolWorker-12] Task f24eda32-decb-42a7-85ae-60cb5838d15a succeeded
[2026-05-10 14:45:43,606: INFO/ForkPoolWorker-12] Task tasks.maintenance.worker_health_check[f24eda32-decb-42a7-85ae-60cb5838d15a] succeeded in 0.008278744004201144s: {'status': 'completed', 'unhealthy_workers': 0, 'cleaned_workers': 0}
[2026-05-10 14:46:43,287: INFO/MainProcess] Task tasks.maintenance.refresh_views[db4d2c2c-9ffc-432a-aa1d-db667f6c48b7] received
[2026-05-10 14:46:43,307: INFO/MainProcess] Task tasks.scheduled.run_due_scans[7feb30bf-7dcc-4ebc-b39d-006a625dbf5d] received
[2026-05-10 14:46:43,469: INFO/ForkPoolWorker-1] Spawned 0 scheduled engagement(s)
[2026-05-10 14:46:43,472: INFO/ForkPoolWorker-12] Task db4d2c2c-9ffc-432a-aa1d-db667f6c48b7 succeeded
[2026-05-10 14:46:43,473: INFO/ForkPoolWorker-12] Task tasks.maintenance.refresh_views[db4d2c2c-9ffc-432a-aa1d-db667f6c48b7] succeeded in 0.18086910800775513s: {'status': 'error', 'error': 'must be owner of materialized view mv_org_dashboard
CONTEXT:  SQL statement "REFRESH MATERIALIZED VIEW CONCURRENTLY mv_org_dashboard"
PL/pgSQL function refresh_mv_org_dashboard() line 3 at SQL statement
'}
[2026-05-10 14:46:43,475: INFO/ForkPoolWorker-1] Task 7feb30bf-7dcc-4ebc-b39d-006a625dbf5d succeeded
[2026-05-10 14:46:43,476: INFO/ForkPoolWorker-1] Task tasks.scheduled.run_due_scans[7feb30bf-7dcc-4ebc-b39d-006a625dbf5d] succeeded in 0.15407606295775622s: {'status': 'completed', 'spawned': 0}
[2026-05-10 14:46:43,592: INFO/MainProcess] Task tasks.maintenance.worker_health_check[11002304-9f6a-47aa-826f-4b46c79f442b] received
[2026-05-10 14:46:43,605: INFO/ForkPoolWorker-12] Task 11002304-9f6a-47aa-826f-4b46c79f442b succeeded
[2026-05-10 14:46:43,606: INFO/ForkPoolWorker-12] Task tasks.maintenance.worker_health_check[11002304-9f6a-47aa-826f-4b46c79f442b] succeeded in 0.010336489009205252s: {'status': 'completed', 'unhealthy_workers': 0, 'cleaned_workers': 0}
[2026-05-10 14:47:43,594: INFO/MainProcess] Task tasks.maintenance.worker_health_check[d0bd7be8-75f4-4a09-9c9c-3f2b34e2d6de] received
[2026-05-10 14:47:43,605: INFO/ForkPoolWorker-12] Task d0bd7be8-75f4-4a09-9c9c-3f2b34e2d6de succeeded
[2026-05-10 14:47:43,606: INFO/ForkPoolWorker-12] Task tasks.maintenance.worker_health_check[d0bd7be8-75f4-4a09-9c9c-3f2b34e2d6de] succeeded in 0.009093860979191959s: {'status': 'completed', 'unhealthy_workers': 0, 'cleaned_workers': 0}
[2026-05-10 14:48:43,608: INFO/MainProcess] Task tasks.maintenance.worker_health_check[e77b28ed-1962-47a9-9a18-66a859d420d7] received
[2026-05-10 14:48:43,678: INFO/ForkPoolWorker-12] Task e77b28ed-1962-47a9-9a18-66a859d420d7 succeeded
[2026-05-10 14:48:43,680: INFO/ForkPoolWorker-12] Task tasks.maintenance.worker_health_check[e77b28ed-1962-47a9-9a18-66a859d420d7] succeeded in 0.01953471195884049s: {'status': 'completed', 'unhealthy_workers': 0, 'cleaned_workers': 0}
